Archive member included because of file (symbol)

c:/users/dell/downloads/imt tools/imt tools/sdk/imt_sdk_win_64/imt_sdk_win_64/winavr/bin/../lib/gcc/avr/4.3.3/avr5\libgcc.a(_udivmodqi4.o)
                              ./HAL/LCD/LCD_prg.o (__udivmodqi4)
c:/users/dell/downloads/imt tools/imt tools/sdk/imt_sdk_win_64/imt_sdk_win_64/winavr/bin/../lib/gcc/avr/4.3.3/avr5\libgcc.a(_exit.o)
                              c:/users/dell/downloads/imt tools/imt tools/sdk/imt_sdk_win_64/imt_sdk_win_64/winavr/bin/../lib/gcc/avr/4.3.3/../../../../avr/lib/avr5/crtm32.o (exit)
c:/users/dell/downloads/imt tools/imt tools/sdk/imt_sdk_win_64/imt_sdk_win_64/winavr/bin/../lib/gcc/avr/4.3.3/avr5\libgcc.a(_copy_data.o)
                              ./HAL/STEPPER/STEPPER_cfg.o (__do_copy_data)
c:/users/dell/downloads/imt tools/imt tools/sdk/imt_sdk_win_64/imt_sdk_win_64/winavr/bin/../lib/gcc/avr/4.3.3/avr5\libgcc.a(_clear_bss.o)
                              ./MCAL/TIMER/TIMER_prg.o (__do_clear_bss)
c:/users/dell/downloads/imt tools/imt tools/sdk/imt_sdk_win_64/imt_sdk_win_64/winavr/bin/../lib/gcc/avr/4.3.3/avr5\libgcc.a(_fixunssfsi.o)
                              ./HAL/STEPPER/STEPPER_prg.o (__fixunssfsi)
c:/users/dell/downloads/imt tools/imt tools/sdk/imt_sdk_win_64/imt_sdk_win_64/winavr/bin/../lib/gcc/avr/4.3.3/avr5\libgcc.a(_addsub_sf.o)
                              c:/users/dell/downloads/imt tools/imt tools/sdk/imt_sdk_win_64/imt_sdk_win_64/winavr/bin/../lib/gcc/avr/4.3.3/avr5\libgcc.a(_fixunssfsi.o) (__subsf3)
c:/users/dell/downloads/imt tools/imt tools/sdk/imt_sdk_win_64/imt_sdk_win_64/winavr/bin/../lib/gcc/avr/4.3.3/avr5\libgcc.a(_mul_sf.o)
                              ./HAL/STEPPER/STEPPER_prg.o (__mulsf3)
c:/users/dell/downloads/imt tools/imt tools/sdk/imt_sdk_win_64/imt_sdk_win_64/winavr/bin/../lib/gcc/avr/4.3.3/avr5\libgcc.a(_div_sf.o)
                              ./HAL/STEPPER/STEPPER_prg.o (__divsf3)
c:/users/dell/downloads/imt tools/imt tools/sdk/imt_sdk_win_64/imt_sdk_win_64/winavr/bin/../lib/gcc/avr/4.3.3/avr5\libgcc.a(_gt_sf.o)
                              ./HAL/STEPPER/STEPPER_prg.o (__gtsf2)
c:/users/dell/downloads/imt tools/imt tools/sdk/imt_sdk_win_64/imt_sdk_win_64/winavr/bin/../lib/gcc/avr/4.3.3/avr5\libgcc.a(_ge_sf.o)
                              c:/users/dell/downloads/imt tools/imt tools/sdk/imt_sdk_win_64/imt_sdk_win_64/winavr/bin/../lib/gcc/avr/4.3.3/avr5\libgcc.a(_fixunssfsi.o) (__gesf2)
c:/users/dell/downloads/imt tools/imt tools/sdk/imt_sdk_win_64/imt_sdk_win_64/winavr/bin/../lib/gcc/avr/4.3.3/avr5\libgcc.a(_lt_sf.o)
                              ./HAL/STEPPER/STEPPER_prg.o (__ltsf2)
c:/users/dell/downloads/imt tools/imt tools/sdk/imt_sdk_win_64/imt_sdk_win_64/winavr/bin/../lib/gcc/avr/4.3.3/avr5\libgcc.a(_sf_to_si.o)
                              c:/users/dell/downloads/imt tools/imt tools/sdk/imt_sdk_win_64/imt_sdk_win_64/winavr/bin/../lib/gcc/avr/4.3.3/avr5\libgcc.a(_fixunssfsi.o) (__fixsfsi)
c:/users/dell/downloads/imt tools/imt tools/sdk/imt_sdk_win_64/imt_sdk_win_64/winavr/bin/../lib/gcc/avr/4.3.3/avr5\libgcc.a(_thenan_sf.o)
                              c:/users/dell/downloads/imt tools/imt tools/sdk/imt_sdk_win_64/imt_sdk_win_64/winavr/bin/../lib/gcc/avr/4.3.3/avr5\libgcc.a(_addsub_sf.o) (__thenan_sf)
c:/users/dell/downloads/imt tools/imt tools/sdk/imt_sdk_win_64/imt_sdk_win_64/winavr/bin/../lib/gcc/avr/4.3.3/avr5\libgcc.a(_usi_to_sf.o)
                              ./HAL/STEPPER/STEPPER_prg.o (__floatunsisf)
c:/users/dell/downloads/imt tools/imt tools/sdk/imt_sdk_win_64/imt_sdk_win_64/winavr/bin/../lib/gcc/avr/4.3.3/avr5\libgcc.a(_prologue.o)
                              c:/users/dell/downloads/imt tools/imt tools/sdk/imt_sdk_win_64/imt_sdk_win_64/winavr/bin/../lib/gcc/avr/4.3.3/avr5\libgcc.a(_addsub_sf.o) (__prologue_saves__)
c:/users/dell/downloads/imt tools/imt tools/sdk/imt_sdk_win_64/imt_sdk_win_64/winavr/bin/../lib/gcc/avr/4.3.3/avr5\libgcc.a(_epilogue.o)
                              c:/users/dell/downloads/imt tools/imt tools/sdk/imt_sdk_win_64/imt_sdk_win_64/winavr/bin/../lib/gcc/avr/4.3.3/avr5\libgcc.a(_addsub_sf.o) (__epilogue_restores__)
c:/users/dell/downloads/imt tools/imt tools/sdk/imt_sdk_win_64/imt_sdk_win_64/winavr/bin/../lib/gcc/avr/4.3.3/avr5\libgcc.a(_clzsi2.o)
                              c:/users/dell/downloads/imt tools/imt tools/sdk/imt_sdk_win_64/imt_sdk_win_64/winavr/bin/../lib/gcc/avr/4.3.3/avr5\libgcc.a(_usi_to_sf.o) (__clzsi2)
c:/users/dell/downloads/imt tools/imt tools/sdk/imt_sdk_win_64/imt_sdk_win_64/winavr/bin/../lib/gcc/avr/4.3.3/avr5\libgcc.a(_pack_sf.o)
                              c:/users/dell/downloads/imt tools/imt tools/sdk/imt_sdk_win_64/imt_sdk_win_64/winavr/bin/../lib/gcc/avr/4.3.3/avr5\libgcc.a(_addsub_sf.o) (__pack_f)
c:/users/dell/downloads/imt tools/imt tools/sdk/imt_sdk_win_64/imt_sdk_win_64/winavr/bin/../lib/gcc/avr/4.3.3/avr5\libgcc.a(_unpack_sf.o)
                              c:/users/dell/downloads/imt tools/imt tools/sdk/imt_sdk_win_64/imt_sdk_win_64/winavr/bin/../lib/gcc/avr/4.3.3/avr5\libgcc.a(_addsub_sf.o) (__unpack_f)
c:/users/dell/downloads/imt tools/imt tools/sdk/imt_sdk_win_64/imt_sdk_win_64/winavr/bin/../lib/gcc/avr/4.3.3/avr5\libgcc.a(_fpcmp_parts_sf.o)
                              c:/users/dell/downloads/imt tools/imt tools/sdk/imt_sdk_win_64/imt_sdk_win_64/winavr/bin/../lib/gcc/avr/4.3.3/avr5\libgcc.a(_gt_sf.o) (__fpcmp_parts_f)
c:/users/dell/downloads/imt tools/imt tools/sdk/imt_sdk_win_64/imt_sdk_win_64/winavr/bin/../lib/gcc/avr/4.3.3/avr5\libgcc.a(_clz.o)
                              c:/users/dell/downloads/imt tools/imt tools/sdk/imt_sdk_win_64/imt_sdk_win_64/winavr/bin/../lib/gcc/avr/4.3.3/avr5\libgcc.a(_clzsi2.o) (__clz_tab)

Memory Configuration

Name             Origin             Length             Attributes
text             0x00000000         0x00020000         xr
data             0x00800060         0x0000ffa0         rw !x
eeprom           0x00810000         0x00010000         rw !x
fuse             0x00820000         0x00000400         rw !x
lock             0x00830000         0x00000400         rw !x
signature        0x00840000         0x00000400         rw !x
*default*        0x00000000         0xffffffff

Linker script and memory map

LOAD c:/users/dell/downloads/imt tools/imt tools/sdk/imt_sdk_win_64/imt_sdk_win_64/winavr/bin/../lib/gcc/avr/4.3.3/../../../../avr/lib/avr5/crtm32.o
LOAD ./MCAL/WDT/WDT_prg.o
LOAD ./MCAL/UART/UART_prg.o
LOAD ./MCAL/TIMER/TIMER_prg.o
LOAD ./MCAL/GIE/GIE_prg.o
LOAD ./MCAL/EXTI/EXTI_prg.o
LOAD ./MCAL/DIO/DIO_prg.o
LOAD ./MCAL/ADC/ADC_prg.o
LOAD ./HAL/SWITCH/SWITCH_prg.o
LOAD ./HAL/STEPPER/STEPPER_cfg.o
LOAD ./HAL/STEPPER/STEPPER_prg.o
LOAD ./HAL/SSD/SSD_prg.o
LOAD ./HAL/LCD/LCD_prg.o
LOAD ./HAL/KEYBAD/KEY_prg.o
LOAD ./APP/main.o
LOAD c:/users/dell/downloads/imt tools/imt tools/sdk/imt_sdk_win_64/imt_sdk_win_64/winavr/bin/../lib/gcc/avr/4.3.3/avr5\libgcc.a
LOAD c:/users/dell/downloads/imt tools/imt tools/sdk/imt_sdk_win_64/imt_sdk_win_64/winavr/bin/../lib/gcc/avr/4.3.3/../../../../avr/lib/avr5\libc.a
LOAD c:/users/dell/downloads/imt tools/imt tools/sdk/imt_sdk_win_64/imt_sdk_win_64/winavr/bin/../lib/gcc/avr/4.3.3/avr5\libgcc.a

.hash
 *(.hash)

.dynsym
 *(.dynsym)

.dynstr
 *(.dynstr)

.gnu.version
 *(.gnu.version)

.gnu.version_d
 *(.gnu.version_d)

.gnu.version_r
 *(.gnu.version_r)

.rel.init
 *(.rel.init)

.rela.init
 *(.rela.init)

.rel.text
 *(.rel.text)
 *(.rel.text.*)
 *(.rel.gnu.linkonce.t*)

.rela.text
 *(.rela.text)
 *(.rela.text.*)
 *(.rela.gnu.linkonce.t*)

.rel.fini
 *(.rel.fini)

.rela.fini
 *(.rela.fini)

.rel.rodata
 *(.rel.rodata)
 *(.rel.rodata.*)
 *(.rel.gnu.linkonce.r*)

.rela.rodata
 *(.rela.rodata)
 *(.rela.rodata.*)
 *(.rela.gnu.linkonce.r*)

.rel.data
 *(.rel.data)
 *(.rel.data.*)
 *(.rel.gnu.linkonce.d*)

.rela.data
 *(.rela.data)
 *(.rela.data.*)
 *(.rela.gnu.linkonce.d*)

.rel.ctors
 *(.rel.ctors)

.rela.ctors
 *(.rela.ctors)

.rel.dtors
 *(.rel.dtors)

.rela.dtors
 *(.rela.dtors)

.rel.got
 *(.rel.got)

.rela.got
 *(.rela.got)

.rel.bss
 *(.rel.bss)

.rela.bss
 *(.rela.bss)

.rel.plt
 *(.rel.plt)

.rela.plt
 *(.rela.plt)

.text           0x00000000     0x417a
 *(.vectors)
 .vectors       0x00000000       0x54 c:/users/dell/downloads/imt tools/imt tools/sdk/imt_sdk_win_64/imt_sdk_win_64/winavr/bin/../lib/gcc/avr/4.3.3/../../../../avr/lib/avr5/crtm32.o
                0x00000000                __vectors
                0x00000000                __vector_default
 *(.vectors)
 *(.progmem.gcc*)
 *(.progmem*)
                0x00000054                . = ALIGN (0x2)
                0x00000054                __trampolines_start = .
 *(.trampolines)
 .trampolines   0x00000054        0x0 linker stubs
 *(.trampolines*)
                0x00000054                __trampolines_end = .
 *(.jumptables)
 *(.jumptables*)
 *(.lowtext)
 *(.lowtext*)
                0x00000054                __ctors_start = .
 *(.ctors)
                0x00000054                __ctors_end = .
                0x00000054                __dtors_start = .
 *(.dtors)
                0x00000054                __dtors_end = .
 SORT(*)(.ctors)
 SORT(*)(.dtors)
 *(.init0)
 .init0         0x00000054        0x0 c:/users/dell/downloads/imt tools/imt tools/sdk/imt_sdk_win_64/imt_sdk_win_64/winavr/bin/../lib/gcc/avr/4.3.3/../../../../avr/lib/avr5/crtm32.o
                0x00000054                __init
 *(.init0)
 *(.init1)
 *(.init1)
 *(.init2)
 .init2         0x00000054        0xc c:/users/dell/downloads/imt tools/imt tools/sdk/imt_sdk_win_64/imt_sdk_win_64/winavr/bin/../lib/gcc/avr/4.3.3/../../../../avr/lib/avr5/crtm32.o
 *(.init2)
 *(.init3)
 *(.init3)
 *(.init4)
 .init4         0x00000060       0x16 c:/users/dell/downloads/imt tools/imt tools/sdk/imt_sdk_win_64/imt_sdk_win_64/winavr/bin/../lib/gcc/avr/4.3.3/avr5\libgcc.a(_copy_data.o)
                0x00000060                __do_copy_data
 .init4         0x00000076       0x10 c:/users/dell/downloads/imt tools/imt tools/sdk/imt_sdk_win_64/imt_sdk_win_64/winavr/bin/../lib/gcc/avr/4.3.3/avr5\libgcc.a(_clear_bss.o)
                0x00000076                __do_clear_bss
 *(.init4)
 *(.init5)
 *(.init5)
 *(.init6)
 *(.init6)
 *(.init7)
 *(.init7)
 *(.init8)
 *(.init8)
 *(.init9)
 .init9         0x00000086        0x8 c:/users/dell/downloads/imt tools/imt tools/sdk/imt_sdk_win_64/imt_sdk_win_64/winavr/bin/../lib/gcc/avr/4.3.3/../../../../avr/lib/avr5/crtm32.o
 *(.init9)
 *(.text)
 .text          0x0000008e        0x4 c:/users/dell/downloads/imt tools/imt tools/sdk/imt_sdk_win_64/imt_sdk_win_64/winavr/bin/../lib/gcc/avr/4.3.3/../../../../avr/lib/avr5/crtm32.o
                0x0000008e                __vector_1
                0x0000008e                __vector_12
                0x0000008e                __bad_interrupt
                0x0000008e                __vector_3
                0x0000008e                __vector_13
                0x0000008e                __vector_17
                0x0000008e                __vector_19
                0x0000008e                __vector_7
                0x0000008e                __vector_5
                0x0000008e                __vector_4
                0x0000008e                __vector_9
                0x0000008e                __vector_2
                0x0000008e                __vector_15
                0x0000008e                __vector_8
                0x0000008e                __vector_14
                0x0000008e                __vector_16
                0x0000008e                __vector_18
                0x0000008e                __vector_20
 .text          0x00000092        0x0 ./MCAL/WDT/WDT_prg.o
 .text          0x00000092        0x0 ./MCAL/UART/UART_prg.o
 .text          0x00000092        0x0 ./MCAL/TIMER/TIMER_prg.o
 .text          0x00000092        0x0 ./MCAL/GIE/GIE_prg.o
 .text          0x00000092        0x0 ./MCAL/EXTI/EXTI_prg.o
 .text          0x00000092        0x0 ./MCAL/DIO/DIO_prg.o
 .text          0x00000092        0x0 ./MCAL/ADC/ADC_prg.o
 .text          0x00000092        0x0 ./HAL/SWITCH/SWITCH_prg.o
 .text          0x00000092        0x0 ./HAL/STEPPER/STEPPER_cfg.o
 .text          0x00000092        0x0 ./HAL/STEPPER/STEPPER_prg.o
 .text          0x00000092        0x0 ./HAL/SSD/SSD_prg.o
 .text          0x00000092        0x0 ./HAL/LCD/LCD_prg.o
 .text          0x00000092        0x0 ./HAL/KEYBAD/KEY_prg.o
 .text          0x00000092        0x0 ./APP/main.o
 .text          0x00000092        0x0 c:/users/dell/downloads/imt tools/imt tools/sdk/imt_sdk_win_64/imt_sdk_win_64/winavr/bin/../lib/gcc/avr/4.3.3/avr5\libgcc.a(_udivmodqi4.o)
 .text          0x00000092        0x0 c:/users/dell/downloads/imt tools/imt tools/sdk/imt_sdk_win_64/imt_sdk_win_64/winavr/bin/../lib/gcc/avr/4.3.3/avr5\libgcc.a(_exit.o)
 .text          0x00000092        0x0 c:/users/dell/downloads/imt tools/imt tools/sdk/imt_sdk_win_64/imt_sdk_win_64/winavr/bin/../lib/gcc/avr/4.3.3/avr5\libgcc.a(_copy_data.o)
 .text          0x00000092        0x0 c:/users/dell/downloads/imt tools/imt tools/sdk/imt_sdk_win_64/imt_sdk_win_64/winavr/bin/../lib/gcc/avr/4.3.3/avr5\libgcc.a(_clear_bss.o)
 .text          0x00000092       0x58 c:/users/dell/downloads/imt tools/imt tools/sdk/imt_sdk_win_64/imt_sdk_win_64/winavr/bin/../lib/gcc/avr/4.3.3/avr5\libgcc.a(_fixunssfsi.o)
                0x00000092                __fixunssfsi
 .text          0x000000ea      0x354 c:/users/dell/downloads/imt tools/imt tools/sdk/imt_sdk_win_64/imt_sdk_win_64/winavr/bin/../lib/gcc/avr/4.3.3/avr5\libgcc.a(_addsub_sf.o)
                0x00000382                __subsf3
                0x000003e4                __addsf3
 .text          0x0000043e      0x1f4 c:/users/dell/downloads/imt tools/imt tools/sdk/imt_sdk_win_64/imt_sdk_win_64/winavr/bin/../lib/gcc/avr/4.3.3/avr5\libgcc.a(_mul_sf.o)
                0x0000043e                __mulsf3
 .text          0x00000632      0x158 c:/users/dell/downloads/imt tools/imt tools/sdk/imt_sdk_win_64/imt_sdk_win_64/winavr/bin/../lib/gcc/avr/4.3.3/avr5\libgcc.a(_div_sf.o)
                0x00000632                __divsf3
 .text          0x0000078a       0x60 c:/users/dell/downloads/imt tools/imt tools/sdk/imt_sdk_win_64/imt_sdk_win_64/winavr/bin/../lib/gcc/avr/4.3.3/avr5\libgcc.a(_gt_sf.o)
                0x0000078a                __gtsf2
 .text          0x000007ea       0x60 c:/users/dell/downloads/imt tools/imt tools/sdk/imt_sdk_win_64/imt_sdk_win_64/winavr/bin/../lib/gcc/avr/4.3.3/avr5\libgcc.a(_ge_sf.o)
                0x000007ea                __gesf2
 .text          0x0000084a       0x60 c:/users/dell/downloads/imt tools/imt tools/sdk/imt_sdk_win_64/imt_sdk_win_64/winavr/bin/../lib/gcc/avr/4.3.3/avr5\libgcc.a(_lt_sf.o)
                0x0000084a                __ltsf2
 .text          0x000008aa       0xa8 c:/users/dell/downloads/imt tools/imt tools/sdk/imt_sdk_win_64/imt_sdk_win_64/winavr/bin/../lib/gcc/avr/4.3.3/avr5\libgcc.a(_sf_to_si.o)
                0x000008aa                __fixsfsi
 .text          0x00000952        0x0 c:/users/dell/downloads/imt tools/imt tools/sdk/imt_sdk_win_64/imt_sdk_win_64/winavr/bin/../lib/gcc/avr/4.3.3/avr5\libgcc.a(_thenan_sf.o)
 .text          0x00000952       0xf2 c:/users/dell/downloads/imt tools/imt tools/sdk/imt_sdk_win_64/imt_sdk_win_64/winavr/bin/../lib/gcc/avr/4.3.3/avr5\libgcc.a(_usi_to_sf.o)
                0x00000952                __floatunsisf
 .text          0x00000a44        0x0 c:/users/dell/downloads/imt tools/imt tools/sdk/imt_sdk_win_64/imt_sdk_win_64/winavr/bin/../lib/gcc/avr/4.3.3/avr5\libgcc.a(_prologue.o)
 .text          0x00000a44        0x0 c:/users/dell/downloads/imt tools/imt tools/sdk/imt_sdk_win_64/imt_sdk_win_64/winavr/bin/../lib/gcc/avr/4.3.3/avr5\libgcc.a(_epilogue.o)
 .text          0x00000a44       0x9e c:/users/dell/downloads/imt tools/imt tools/sdk/imt_sdk_win_64/imt_sdk_win_64/winavr/bin/../lib/gcc/avr/4.3.3/avr5\libgcc.a(_clzsi2.o)
                0x00000a44                __clzsi2
 .text          0x00000ae2      0x1aa c:/users/dell/downloads/imt tools/imt tools/sdk/imt_sdk_win_64/imt_sdk_win_64/winavr/bin/../lib/gcc/avr/4.3.3/avr5\libgcc.a(_pack_sf.o)
                0x00000ae2                __pack_f
 .text          0x00000c8c       0xf0 c:/users/dell/downloads/imt tools/imt tools/sdk/imt_sdk_win_64/imt_sdk_win_64/winavr/bin/../lib/gcc/avr/4.3.3/avr5\libgcc.a(_unpack_sf.o)
                0x00000c8c                __unpack_f
 .text          0x00000d7c       0xb2 c:/users/dell/downloads/imt tools/imt tools/sdk/imt_sdk_win_64/imt_sdk_win_64/winavr/bin/../lib/gcc/avr/4.3.3/avr5\libgcc.a(_fpcmp_parts_sf.o)
                0x00000d7c                __fpcmp_parts_f
 .text          0x00000e2e        0x0 c:/users/dell/downloads/imt tools/imt tools/sdk/imt_sdk_win_64/imt_sdk_win_64/winavr/bin/../lib/gcc/avr/4.3.3/avr5\libgcc.a(_clz.o)
                0x00000e2e                . = ALIGN (0x2)
 *(.text.*)
 .text.MWDT_vTurnOn
                0x00000e2e      0x1b0 ./MCAL/WDT/WDT_prg.o
                0x00000e2e                MWDT_vTurnOn
 .text.MWDT_vTurnOff
                0x00000fde       0x1c ./MCAL/WDT/WDT_prg.o
                0x00000fde                MWDT_vTurnOff
 .text.UART_vInit
                0x00000ffa       0x26 ./MCAL/UART/UART_prg.o
                0x00000ffa                UART_vInit
 .text.UART_vSend
                0x00001020       0x38 ./MCAL/UART/UART_prg.o
                0x00001020                UART_vSend
 .text.UART_vRecive
                0x00001058       0x28 ./MCAL/UART/UART_prg.o
                0x00001058                UART_vRecive
 .text.UART_u8IsDataAvailable
                0x00001080       0x16 ./MCAL/UART/UART_prg.o
                0x00001080                UART_u8IsDataAvailable
 .text.UART_u8ReadNonBlocking
                0x00001096       0x26 ./MCAL/UART/UART_prg.o
                0x00001096                UART_u8ReadNonBlocking
 .text.MTIMER0_vInit
                0x000010bc       0x22 ./MCAL/TIMER/TIMER_prg.o
                0x000010bc                MTIMER0_vInit
 .text.MTIMER0_vPreloadValue
                0x000010de       0x1c ./MCAL/TIMER/TIMER_prg.o
                0x000010de                MTIMER0_vPreloadValue
 .text.MTIMER0_vStart
                0x000010fa       0x1e ./MCAL/TIMER/TIMER_prg.o
                0x000010fa                MTIMER0_vStart
 .text.MTIMER0_vStop
                0x00001118       0x1c ./MCAL/TIMER/TIMER_prg.o
                0x00001118                MTIMER0_vStop
 .text.MTIMER0_vSetIntervalValue
                0x00001134       0x3a ./MCAL/TIMER/TIMER_prg.o
                0x00001134                MTIMER0_vSetIntervalValue
 .text.MTIMER0_vSetCallBackAddress
                0x0000116e       0x24 ./MCAL/TIMER/TIMER_prg.o
                0x0000116e                MTIMER0_vSetCallBackAddress
 .text.MTIMER0_vInit_CTC
                0x00001192       0x24 ./MCAL/TIMER/TIMER_prg.o
                0x00001192                MTIMER0_vInit_CTC
 .text.MTIMER0_vSetCallBackAddress_CTC
                0x000011b6       0x24 ./MCAL/TIMER/TIMER_prg.o
                0x000011b6                MTIMER0_vSetCallBackAddress_CTC
 .text.MTIMER0_vSetCompareMatch
                0x000011da       0x1c ./MCAL/TIMER/TIMER_prg.o
                0x000011da                MTIMER0_vSetCompareMatch
 .text.__vector_10
                0x000011f6       0xc6 ./MCAL/TIMER/TIMER_prg.o
                0x000011f6                __vector_10
 .text.MTIMER0_vInit_PWM
                0x000012bc       0x2e ./MCAL/TIMER/TIMER_prg.o
                0x000012bc                MTIMER0_vInit_PWM
 .text.MTIMER0_vSetDutyCycle
                0x000012ea       0x20 ./MCAL/TIMER/TIMER_prg.o
                0x000012ea                MTIMER0_vSetDutyCycle
 .text.MTIMER1A_vInit_PWM
                0x0000130a       0x3e ./MCAL/TIMER/TIMER_prg.o
                0x0000130a                MTIMER1A_vInit_PWM
 .text.MTIMER1A_vSetCompareMatchValue
                0x00001348       0x38 ./MCAL/TIMER/TIMER_prg.o
                0x00001348                MTIMER1A_vSetCompareMatchValue
 .text.MTIMER1A_vSetCompareMatchValueServoB
                0x00001380       0x38 ./MCAL/TIMER/TIMER_prg.o
                0x00001380                MTIMER1A_vSetCompareMatchValueServoB
 .text.MICU_vInit
                0x000013b8       0x20 ./MCAL/TIMER/TIMER_prg.o
                0x000013b8                MICU_vInit
 .text.MICU_vEnableInterrupt
                0x000013d8       0x1c ./MCAL/TIMER/TIMER_prg.o
                0x000013d8                MICU_vEnableInterrupt
 .text.MICU_vDisableInterrupt
                0x000013f4       0x1c ./MCAL/TIMER/TIMER_prg.o
                0x000013f4                MICU_vDisableInterrupt
 .text.MICU_u16GetCaptureValue
                0x00001410       0x16 ./MCAL/TIMER/TIMER_prg.o
                0x00001410                MICU_u16GetCaptureValue
 .text.MICU_vSetTrigger
                0x00001426       0x56 ./MCAL/TIMER/TIMER_prg.o
                0x00001426                MICU_vSetTrigger
 .text.MICU_vSetCallBack
                0x0000147c       0x24 ./MCAL/TIMER/TIMER_prg.o
                0x0000147c                MICU_vSetCallBack
 .text.__vector_6
                0x000014a0       0x5a ./MCAL/TIMER/TIMER_prg.o
                0x000014a0                __vector_6
 .text.__vector_11
                0x000014fa       0xc6 ./MCAL/TIMER/TIMER_prg.o
                0x000014fa                __vector_11
 .text.GIE_vEnable
                0x000015c0       0x1c ./MCAL/GIE/GIE_prg.o
                0x000015c0                GIE_vEnable
 .text.GIE_vDisnable
                0x000015dc       0x1c ./MCAL/GIE/GIE_prg.o
                0x000015dc                GIE_vDisnable
 .text.EXT_vInit
                0x000015f8       0x4c ./MCAL/EXTI/EXTI_prg.o
                0x000015f8                EXT_vInit
 .text.MDIO_voidSetPinDir
                0x00001644      0x1d0 ./MCAL/DIO/DIO_prg.o
                0x00001644                MDIO_voidSetPinDir
 .text.MDIO_voidSetPortDir
                0x00001814       0x84 ./MCAL/DIO/DIO_prg.o
                0x00001814                MDIO_voidSetPortDir
 .text.MDIO_voidSetPinVal
                0x00001898      0x1d0 ./MCAL/DIO/DIO_prg.o
                0x00001898                MDIO_voidSetPinVal
 .text.MDIO_voidSetPortVal
                0x00001a68       0x84 ./MCAL/DIO/DIO_prg.o
                0x00001a68                MDIO_voidSetPortVal
 .text.MDIO_s8GetPinVal
                0x00001aec       0xfe ./MCAL/DIO/DIO_prg.o
                0x00001aec                MDIO_s8GetPinVal
 .text.MDIO_s8GetPortVal
                0x00001bea       0x88 ./MCAL/DIO/DIO_prg.o
                0x00001bea                MDIO_s8GetPortVal
 .text.MADC_vInit
                0x00001c72       0x72 ./MCAL/ADC/ADC_prg.o
                0x00001c72                MADC_vInit
 .text.MADC_u16AnalogRead
                0x00001ce4       0x64 ./MCAL/ADC/ADC_prg.o
                0x00001ce4                MADC_u16AnalogRead
 .text.HSWITCH_vInit
                0x00001d48       0x22 ./HAL/SWITCH/SWITCH_prg.o
                0x00001d48                HSWITCH_vInit
 .text.HSTEPPER_vInit
                0x00001d6a       0xfc ./HAL/STEPPER/STEPPER_prg.o
                0x00001d6a                HSTEPPER_vInit
 .text.HSTEPPER_svMotorCW
                0x00001e66      0x266 ./HAL/STEPPER/STEPPER_prg.o
 .text.HSTEPPER_svMotorCCW
                0x000020cc      0x270 ./HAL/STEPPER/STEPPER_prg.o
 .text.HSTEPPER_vAngle
                0x0000233c       0x9e ./HAL/STEPPER/STEPPER_prg.o
                0x0000233c                HSTEPPER_vAngle
 .text.HSSD_vInit
                0x000023da       0x16 ./HAL/SSD/SSD_prg.o
                0x000023da                HSSD_vInit
 .text.HSSD_vDisplayNum
                0x000023f0       0x2e ./HAL/SSD/SSD_prg.o
                0x000023f0                HSSD_vDisplayNum
 .text.HSSD_vTurnOff
                0x0000241e       0x16 ./HAL/SSD/SSD_prg.o
                0x0000241e                HSSD_vTurnOff
 .text.HLCD_voidInit
                0x00002434      0x3f4 ./HAL/LCD/LCD_prg.o
                0x00002434                HLCD_voidInit
 .text.HLCD_voidSendCommand
                0x00002828      0x220 ./HAL/LCD/LCD_prg.o
                0x00002828                HLCD_voidSendCommand
 .text.HLCD_voidSetCurs
                0x00002a48       0x62 ./HAL/LCD/LCD_prg.o
                0x00002a48                HLCD_voidSetCurs
 .text.HLCD_voidSendChar
                0x00002aaa      0x250 ./HAL/LCD/LCD_prg.o
                0x00002aaa                HLCD_voidSendChar
 .text.HLCD_voidPrintString
                0x00002cfa       0x52 ./HAL/LCD/LCD_prg.o
                0x00002cfa                HLCD_voidPrintString
 .text.HLCD_voidPrintNUM
                0x00002d4c       0xa0 ./HAL/LCD/LCD_prg.o
                0x00002d4c                HLCD_voidPrintNUM
 .text.HLCD_voidClear
                0x00002dec      0x114 ./HAL/LCD/LCD_prg.o
                0x00002dec                HLCD_voidClear
 .text.HKEY_vInit
                0x00002f00       0x1e ./HAL/KEYBAD/KEY_prg.o
                0x00002f00                HKEY_vInit
 .text.HKEY_GetKeyBad
                0x00002f1e      0x1ac ./HAL/KEYBAD/KEY_prg.o
                0x00002f1e                HKEY_GetKeyBad
 .text.main     0x000030ca     0x1026 ./APP/main.o
                0x000030ca                main
 .text.libgcc   0x000040f0       0x18 c:/users/dell/downloads/imt tools/imt tools/sdk/imt_sdk_win_64/imt_sdk_win_64/winavr/bin/../lib/gcc/avr/4.3.3/avr5\libgcc.a(_udivmodqi4.o)
                0x000040f0                __udivmodqi4
 .text.libgcc   0x00004108        0x0 c:/users/dell/downloads/imt tools/imt tools/sdk/imt_sdk_win_64/imt_sdk_win_64/winavr/bin/../lib/gcc/avr/4.3.3/avr5\libgcc.a(_exit.o)
 .text.libgcc   0x00004108        0x0 c:/users/dell/downloads/imt tools/imt tools/sdk/imt_sdk_win_64/imt_sdk_win_64/winavr/bin/../lib/gcc/avr/4.3.3/avr5\libgcc.a(_copy_data.o)
 .text.libgcc   0x00004108        0x0 c:/users/dell/downloads/imt tools/imt tools/sdk/imt_sdk_win_64/imt_sdk_win_64/winavr/bin/../lib/gcc/avr/4.3.3/avr5\libgcc.a(_clear_bss.o)
 .text.libgcc   0x00004108       0x38 c:/users/dell/downloads/imt tools/imt tools/sdk/imt_sdk_win_64/imt_sdk_win_64/winavr/bin/../lib/gcc/avr/4.3.3/avr5\libgcc.a(_prologue.o)
                0x00004108                __prologue_saves__
 .text.libgcc   0x00004140       0x36 c:/users/dell/downloads/imt tools/imt tools/sdk/imt_sdk_win_64/imt_sdk_win_64/winavr/bin/../lib/gcc/avr/4.3.3/avr5\libgcc.a(_epilogue.o)
                0x00004140                __epilogue_restores__
                0x00004176                . = ALIGN (0x2)
 *(.fini9)
 .fini9         0x00004176        0x0 c:/users/dell/downloads/imt tools/imt tools/sdk/imt_sdk_win_64/imt_sdk_win_64/winavr/bin/../lib/gcc/avr/4.3.3/avr5\libgcc.a(_exit.o)
                0x00004176                exit
                0x00004176                _exit
 *(.fini9)
 *(.fini8)
 *(.fini8)
 *(.fini7)
 *(.fini7)
 *(.fini6)
 *(.fini6)
 *(.fini5)
 *(.fini5)
 *(.fini4)
 *(.fini4)
 *(.fini3)
 *(.fini3)
 *(.fini2)
 *(.fini2)
 *(.fini1)
 *(.fini1)
 *(.fini0)
 .fini0         0x00004176        0x4 c:/users/dell/downloads/imt tools/imt tools/sdk/imt_sdk_win_64/imt_sdk_win_64/winavr/bin/../lib/gcc/avr/4.3.3/avr5\libgcc.a(_exit.o)
 *(.fini0)
                0x0000417a                _etext = .

.data           0x00800060      0x198 load address 0x0000417a
                0x00800060                PROVIDE (__data_start, .)
 *(.data)
 .data          0x00800060        0x0 c:/users/dell/downloads/imt tools/imt tools/sdk/imt_sdk_win_64/imt_sdk_win_64/winavr/bin/../lib/gcc/avr/4.3.3/../../../../avr/lib/avr5/crtm32.o
 .data          0x00800060        0x0 ./MCAL/WDT/WDT_prg.o
 .data          0x00800060        0x0 ./MCAL/UART/UART_prg.o
 .data          0x00800060        0x0 ./MCAL/TIMER/TIMER_prg.o
 .data          0x00800060        0x0 ./MCAL/GIE/GIE_prg.o
 .data          0x00800060        0x0 ./MCAL/EXTI/EXTI_prg.o
 .data          0x00800060        0x0 ./MCAL/DIO/DIO_prg.o
 .data          0x00800060        0x0 ./MCAL/ADC/ADC_prg.o
 .data          0x00800060        0x0 ./HAL/SWITCH/SWITCH_prg.o
 .data          0x00800060        0x0 ./HAL/STEPPER/STEPPER_cfg.o
 .data          0x00800060        0x0 ./HAL/STEPPER/STEPPER_prg.o
 .data          0x00800060        0x0 ./HAL/SSD/SSD_prg.o
 .data          0x00800060        0x0 ./HAL/LCD/LCD_prg.o
 .data          0x00800060        0x0 ./HAL/KEYBAD/KEY_prg.o
 .data          0x00800060       0x5f ./APP/main.o
 .data          0x008000bf        0x0 c:/users/dell/downloads/imt tools/imt tools/sdk/imt_sdk_win_64/imt_sdk_win_64/winavr/bin/../lib/gcc/avr/4.3.3/avr5\libgcc.a(_udivmodqi4.o)
 .data          0x008000bf        0x0 c:/users/dell/downloads/imt tools/imt tools/sdk/imt_sdk_win_64/imt_sdk_win_64/winavr/bin/../lib/gcc/avr/4.3.3/avr5\libgcc.a(_exit.o)
 .data          0x008000bf        0x0 c:/users/dell/downloads/imt tools/imt tools/sdk/imt_sdk_win_64/imt_sdk_win_64/winavr/bin/../lib/gcc/avr/4.3.3/avr5\libgcc.a(_copy_data.o)
 .data          0x008000bf        0x0 c:/users/dell/downloads/imt tools/imt tools/sdk/imt_sdk_win_64/imt_sdk_win_64/winavr/bin/../lib/gcc/avr/4.3.3/avr5\libgcc.a(_clear_bss.o)
 .data          0x008000bf        0x0 c:/users/dell/downloads/imt tools/imt tools/sdk/imt_sdk_win_64/imt_sdk_win_64/winavr/bin/../lib/gcc/avr/4.3.3/avr5\libgcc.a(_fixunssfsi.o)
 .data          0x008000bf        0x0 c:/users/dell/downloads/imt tools/imt tools/sdk/imt_sdk_win_64/imt_sdk_win_64/winavr/bin/../lib/gcc/avr/4.3.3/avr5\libgcc.a(_addsub_sf.o)
 .data          0x008000bf        0x0 c:/users/dell/downloads/imt tools/imt tools/sdk/imt_sdk_win_64/imt_sdk_win_64/winavr/bin/../lib/gcc/avr/4.3.3/avr5\libgcc.a(_mul_sf.o)
 .data          0x008000bf        0x0 c:/users/dell/downloads/imt tools/imt tools/sdk/imt_sdk_win_64/imt_sdk_win_64/winavr/bin/../lib/gcc/avr/4.3.3/avr5\libgcc.a(_div_sf.o)
 .data          0x008000bf        0x0 c:/users/dell/downloads/imt tools/imt tools/sdk/imt_sdk_win_64/imt_sdk_win_64/winavr/bin/../lib/gcc/avr/4.3.3/avr5\libgcc.a(_gt_sf.o)
 .data          0x008000bf        0x0 c:/users/dell/downloads/imt tools/imt tools/sdk/imt_sdk_win_64/imt_sdk_win_64/winavr/bin/../lib/gcc/avr/4.3.3/avr5\libgcc.a(_ge_sf.o)
 .data          0x008000bf        0x0 c:/users/dell/downloads/imt tools/imt tools/sdk/imt_sdk_win_64/imt_sdk_win_64/winavr/bin/../lib/gcc/avr/4.3.3/avr5\libgcc.a(_lt_sf.o)
 .data          0x008000bf        0x0 c:/users/dell/downloads/imt tools/imt tools/sdk/imt_sdk_win_64/imt_sdk_win_64/winavr/bin/../lib/gcc/avr/4.3.3/avr5\libgcc.a(_sf_to_si.o)
 .data          0x008000bf        0x8 c:/users/dell/downloads/imt tools/imt tools/sdk/imt_sdk_win_64/imt_sdk_win_64/winavr/bin/../lib/gcc/avr/4.3.3/avr5\libgcc.a(_thenan_sf.o)
                0x008000bf                __thenan_sf
 .data          0x008000c7        0x0 c:/users/dell/downloads/imt tools/imt tools/sdk/imt_sdk_win_64/imt_sdk_win_64/winavr/bin/../lib/gcc/avr/4.3.3/avr5\libgcc.a(_usi_to_sf.o)
 .data          0x008000c7        0x0 c:/users/dell/downloads/imt tools/imt tools/sdk/imt_sdk_win_64/imt_sdk_win_64/winavr/bin/../lib/gcc/avr/4.3.3/avr5\libgcc.a(_prologue.o)
 .data          0x008000c7        0x0 c:/users/dell/downloads/imt tools/imt tools/sdk/imt_sdk_win_64/imt_sdk_win_64/winavr/bin/../lib/gcc/avr/4.3.3/avr5\libgcc.a(_epilogue.o)
 .data          0x008000c7        0x0 c:/users/dell/downloads/imt tools/imt tools/sdk/imt_sdk_win_64/imt_sdk_win_64/winavr/bin/../lib/gcc/avr/4.3.3/avr5\libgcc.a(_clzsi2.o)
 .data          0x008000c7        0x0 c:/users/dell/downloads/imt tools/imt tools/sdk/imt_sdk_win_64/imt_sdk_win_64/winavr/bin/../lib/gcc/avr/4.3.3/avr5\libgcc.a(_pack_sf.o)
 .data          0x008000c7        0x0 c:/users/dell/downloads/imt tools/imt tools/sdk/imt_sdk_win_64/imt_sdk_win_64/winavr/bin/../lib/gcc/avr/4.3.3/avr5\libgcc.a(_unpack_sf.o)
 .data          0x008000c7        0x0 c:/users/dell/downloads/imt tools/imt tools/sdk/imt_sdk_win_64/imt_sdk_win_64/winavr/bin/../lib/gcc/avr/4.3.3/avr5\libgcc.a(_fpcmp_parts_sf.o)
 .data          0x008000c7      0x100 c:/users/dell/downloads/imt tools/imt tools/sdk/imt_sdk_win_64/imt_sdk_win_64/winavr/bin/../lib/gcc/avr/4.3.3/avr5\libgcc.a(_clz.o)
                0x008000c7                __clz_tab
 *(.data*)
 .data.Motor    0x008001c7        0xa ./HAL/STEPPER/STEPPER_cfg.o
                0x008001c7                Motor
 *(.rodata)
 *(.rodata*)
 .rodata.CGA_u8FullStep
                0x008001d1        0x4 ./HAL/STEPPER/STEPPER_prg.o
 .rodata.CGA_u8HalfStep
                0x008001d5        0x8 ./HAL/STEPPER/STEPPER_prg.o
 .rodata.CGR_u8SsdNum
                0x008001dd        0xa ./HAL/SSD/SSD_prg.o
                0x008001dd                CGR_u8SsdNum
 .rodata.CGR_u8KeyBad
                0x008001e7       0x10 ./HAL/KEYBAD/KEY_prg.o
                0x008001e7                CGR_u8KeyBad
 *(.gnu.linkonce.d*)
                0x008001f8                . = ALIGN (0x2)
 *fill*         0x008001f7        0x1 00
                0x008001f8                _edata = .
                0x008001f8                PROVIDE (__data_end, .)

.bss            0x008001f8       0x13
                0x008001f8                PROVIDE (__bss_start, .)
 *(.bss)
 .bss           0x008001f8        0x0 c:/users/dell/downloads/imt tools/imt tools/sdk/imt_sdk_win_64/imt_sdk_win_64/winavr/bin/../lib/gcc/avr/4.3.3/../../../../avr/lib/avr5/crtm32.o
 .bss           0x008001f8        0x0 ./MCAL/WDT/WDT_prg.o
 .bss           0x008001f8        0x0 ./MCAL/UART/UART_prg.o
 .bss           0x008001f8        0x0 ./MCAL/TIMER/TIMER_prg.o
 .bss           0x008001f8        0x0 ./MCAL/GIE/GIE_prg.o
 .bss           0x008001f8        0x0 ./MCAL/EXTI/EXTI_prg.o
 .bss           0x008001f8        0x0 ./MCAL/DIO/DIO_prg.o
 .bss           0x008001f8        0x0 ./MCAL/ADC/ADC_prg.o
 .bss           0x008001f8        0x0 ./HAL/SWITCH/SWITCH_prg.o
 .bss           0x008001f8        0x0 ./HAL/STEPPER/STEPPER_cfg.o
 .bss           0x008001f8        0x0 ./HAL/STEPPER/STEPPER_prg.o
 .bss           0x008001f8        0x0 ./HAL/SSD/SSD_prg.o
 .bss           0x008001f8        0x0 ./HAL/LCD/LCD_prg.o
 .bss           0x008001f8        0x0 ./HAL/KEYBAD/KEY_prg.o
 .bss           0x008001f8        0x0 ./APP/main.o
 .bss           0x008001f8        0x0 c:/users/dell/downloads/imt tools/imt tools/sdk/imt_sdk_win_64/imt_sdk_win_64/winavr/bin/../lib/gcc/avr/4.3.3/avr5\libgcc.a(_udivmodqi4.o)
 .bss           0x008001f8        0x0 c:/users/dell/downloads/imt tools/imt tools/sdk/imt_sdk_win_64/imt_sdk_win_64/winavr/bin/../lib/gcc/avr/4.3.3/avr5\libgcc.a(_exit.o)
 .bss           0x008001f8        0x0 c:/users/dell/downloads/imt tools/imt tools/sdk/imt_sdk_win_64/imt_sdk_win_64/winavr/bin/../lib/gcc/avr/4.3.3/avr5\libgcc.a(_copy_data.o)
 .bss           0x008001f8        0x0 c:/users/dell/downloads/imt tools/imt tools/sdk/imt_sdk_win_64/imt_sdk_win_64/winavr/bin/../lib/gcc/avr/4.3.3/avr5\libgcc.a(_clear_bss.o)
 .bss           0x008001f8        0x0 c:/users/dell/downloads/imt tools/imt tools/sdk/imt_sdk_win_64/imt_sdk_win_64/winavr/bin/../lib/gcc/avr/4.3.3/avr5\libgcc.a(_fixunssfsi.o)
 .bss           0x008001f8        0x0 c:/users/dell/downloads/imt tools/imt tools/sdk/imt_sdk_win_64/imt_sdk_win_64/winavr/bin/../lib/gcc/avr/4.3.3/avr5\libgcc.a(_addsub_sf.o)
 .bss           0x008001f8        0x0 c:/users/dell/downloads/imt tools/imt tools/sdk/imt_sdk_win_64/imt_sdk_win_64/winavr/bin/../lib/gcc/avr/4.3.3/avr5\libgcc.a(_mul_sf.o)
 .bss           0x008001f8        0x0 c:/users/dell/downloads/imt tools/imt tools/sdk/imt_sdk_win_64/imt_sdk_win_64/winavr/bin/../lib/gcc/avr/4.3.3/avr5\libgcc.a(_div_sf.o)
 .bss           0x008001f8        0x0 c:/users/dell/downloads/imt tools/imt tools/sdk/imt_sdk_win_64/imt_sdk_win_64/winavr/bin/../lib/gcc/avr/4.3.3/avr5\libgcc.a(_gt_sf.o)
 .bss           0x008001f8        0x0 c:/users/dell/downloads/imt tools/imt tools/sdk/imt_sdk_win_64/imt_sdk_win_64/winavr/bin/../lib/gcc/avr/4.3.3/avr5\libgcc.a(_ge_sf.o)
 .bss           0x008001f8        0x0 c:/users/dell/downloads/imt tools/imt tools/sdk/imt_sdk_win_64/imt_sdk_win_64/winavr/bin/../lib/gcc/avr/4.3.3/avr5\libgcc.a(_lt_sf.o)
 .bss           0x008001f8        0x0 c:/users/dell/downloads/imt tools/imt tools/sdk/imt_sdk_win_64/imt_sdk_win_64/winavr/bin/../lib/gcc/avr/4.3.3/avr5\libgcc.a(_sf_to_si.o)
 .bss           0x008001f8        0x0 c:/users/dell/downloads/imt tools/imt tools/sdk/imt_sdk_win_64/imt_sdk_win_64/winavr/bin/../lib/gcc/avr/4.3.3/avr5\libgcc.a(_thenan_sf.o)
 .bss           0x008001f8        0x0 c:/users/dell/downloads/imt tools/imt tools/sdk/imt_sdk_win_64/imt_sdk_win_64/winavr/bin/../lib/gcc/avr/4.3.3/avr5\libgcc.a(_usi_to_sf.o)
 .bss           0x008001f8        0x0 c:/users/dell/downloads/imt tools/imt tools/sdk/imt_sdk_win_64/imt_sdk_win_64/winavr/bin/../lib/gcc/avr/4.3.3/avr5\libgcc.a(_prologue.o)
 .bss           0x008001f8        0x0 c:/users/dell/downloads/imt tools/imt tools/sdk/imt_sdk_win_64/imt_sdk_win_64/winavr/bin/../lib/gcc/avr/4.3.3/avr5\libgcc.a(_epilogue.o)
 .bss           0x008001f8        0x0 c:/users/dell/downloads/imt tools/imt tools/sdk/imt_sdk_win_64/imt_sdk_win_64/winavr/bin/../lib/gcc/avr/4.3.3/avr5\libgcc.a(_clzsi2.o)
 .bss           0x008001f8        0x0 c:/users/dell/downloads/imt tools/imt tools/sdk/imt_sdk_win_64/imt_sdk_win_64/winavr/bin/../lib/gcc/avr/4.3.3/avr5\libgcc.a(_pack_sf.o)
 .bss           0x008001f8        0x0 c:/users/dell/downloads/imt tools/imt tools/sdk/imt_sdk_win_64/imt_sdk_win_64/winavr/bin/../lib/gcc/avr/4.3.3/avr5\libgcc.a(_unpack_sf.o)
 .bss           0x008001f8        0x0 c:/users/dell/downloads/imt tools/imt tools/sdk/imt_sdk_win_64/imt_sdk_win_64/winavr/bin/../lib/gcc/avr/4.3.3/avr5\libgcc.a(_fpcmp_parts_sf.o)
 .bss           0x008001f8        0x0 c:/users/dell/downloads/imt tools/imt tools/sdk/imt_sdk_win_64/imt_sdk_win_64/winavr/bin/../lib/gcc/avr/4.3.3/avr5\libgcc.a(_clz.o)
 *(.bss*)
 .bss.G_u32Counter
                0x008001f8        0x4 ./MCAL/TIMER/TIMER_prg.o
                0x008001f8                G_u32Counter
 .bss.G_fSetCalBack
                0x008001fc        0x2 ./MCAL/TIMER/TIMER_prg.o
                0x008001fc                G_fSetCalBack
 .bss.ICU_SetCallBack
                0x008001fe        0x2 ./MCAL/TIMER/TIMER_prg.o
                0x008001fe                ICU_SetCallBack
 .bss.SetCallBack_CTC
                0x00800200        0x2 ./MCAL/TIMER/TIMER_prg.o
                0x00800200                SetCallBack_CTC
 .bss.count.1314
                0x00800202        0x4 ./MCAL/TIMER/TIMER_prg.o
 .bss.count.1411
                0x00800206        0x4 ./MCAL/TIMER/TIMER_prg.o
 .bss.CursorIndex
                0x0080020a        0x1 ./HAL/LCD/LCD_prg.o
 *(COMMON)
                0x0080020b                PROVIDE (__bss_end, .)
                0x0000417a                __data_load_start = LOADADDR (.data)
                0x00004312                __data_load_end = (__data_load_start + SIZEOF (.data))

.noinit         0x0080020b        0x0
                0x0080020b                PROVIDE (__noinit_start, .)
 *(.noinit*)
                0x0080020b                PROVIDE (__noinit_end, .)
                0x0080020b                _end = .
                0x0080020b                PROVIDE (__heap_start, .)

.eeprom         0x00810000        0x0
 *(.eeprom*)
                0x00810000                __eeprom_end = .

.fuse
 *(.fuse)
 *(.lfuse)
 *(.hfuse)
 *(.efuse)

.lock
 *(.lock*)

.signature
 *(.signature*)

.stab           0x00000000     0x44ac
 *(.stab)
 .stab          0x00000000      0x36c ./MCAL/WDT/WDT_prg.o
 .stab          0x0000036c      0x2c4 ./MCAL/UART/UART_prg.o
                                0x2d0 (size before relaxing)
 .stab          0x00000630      0x7d4 ./MCAL/TIMER/TIMER_prg.o
                                0x7e0 (size before relaxing)
 .stab          0x00000e04      0x1c8 ./MCAL/GIE/GIE_prg.o
                                0x1d4 (size before relaxing)
 .stab          0x00000fcc      0x1c8 ./MCAL/EXTI/EXTI_prg.o
                                0x1d4 (size before relaxing)
 .stab          0x00001194      0x5a0 ./MCAL/DIO/DIO_prg.o
                                0x5ac (size before relaxing)
 .stab          0x00001734      0x24c ./MCAL/ADC/ADC_prg.o
                                0x258 (size before relaxing)
 .stab          0x00001980      0x1bc ./HAL/SWITCH/SWITCH_prg.o
                                0x1c8 (size before relaxing)
 .stab          0x00001b3c      0x1a4 ./HAL/STEPPER/STEPPER_cfg.o
                                0x1b0 (size before relaxing)
 .stab          0x00001ce0      0x840 ./HAL/STEPPER/STEPPER_prg.o
                                0x870 (size before relaxing)
 .stab          0x00002520      0x210 ./HAL/SSD/SSD_prg.o
                                0x21c (size before relaxing)
 .stab          0x00002730      0xbc4 ./HAL/LCD/LCD_prg.o
                                0xd5c (size before relaxing)
 .stab          0x000032f4      0x3cc ./HAL/KEYBAD/KEY_prg.o
                                0x564 (size before relaxing)
 .stab          0x000036c0      0xdec ./APP/main.o
                                0xf84 (size before relaxing)

.stabstr        0x00000000     0x18a2
 *(.stabstr)
 .stabstr       0x00000000     0x18a2 ./MCAL/WDT/WDT_prg.o

.stab.excl
 *(.stab.excl)

.stab.exclstr
 *(.stab.exclstr)

.stab.index
 *(.stab.index)

.stab.indexstr
 *(.stab.indexstr)

.comment
 *(.comment)

.debug
 *(.debug)

.line
 *(.line)

.debug_srcinfo
 *(.debug_srcinfo)

.debug_sfnames
 *(.debug_sfnames)

.debug_aranges  0x00000000      0x1a0
 *(.debug_aranges)
 .debug_aranges
                0x00000000       0x20 c:/users/dell/downloads/imt tools/imt tools/sdk/imt_sdk_win_64/imt_sdk_win_64/winavr/bin/../lib/gcc/avr/4.3.3/avr5\libgcc.a(_fixunssfsi.o)
 .debug_aranges
                0x00000020       0x20 c:/users/dell/downloads/imt tools/imt tools/sdk/imt_sdk_win_64/imt_sdk_win_64/winavr/bin/../lib/gcc/avr/4.3.3/avr5\libgcc.a(_addsub_sf.o)
 .debug_aranges
                0x00000040       0x20 c:/users/dell/downloads/imt tools/imt tools/sdk/imt_sdk_win_64/imt_sdk_win_64/winavr/bin/../lib/gcc/avr/4.3.3/avr5\libgcc.a(_mul_sf.o)
 .debug_aranges
                0x00000060       0x20 c:/users/dell/downloads/imt tools/imt tools/sdk/imt_sdk_win_64/imt_sdk_win_64/winavr/bin/../lib/gcc/avr/4.3.3/avr5\libgcc.a(_div_sf.o)
 .debug_aranges
                0x00000080       0x20 c:/users/dell/downloads/imt tools/imt tools/sdk/imt_sdk_win_64/imt_sdk_win_64/winavr/bin/../lib/gcc/avr/4.3.3/avr5\libgcc.a(_gt_sf.o)
 .debug_aranges
                0x000000a0       0x20 c:/users/dell/downloads/imt tools/imt tools/sdk/imt_sdk_win_64/imt_sdk_win_64/winavr/bin/../lib/gcc/avr/4.3.3/avr5\libgcc.a(_ge_sf.o)
 .debug_aranges
                0x000000c0       0x20 c:/users/dell/downloads/imt tools/imt tools/sdk/imt_sdk_win_64/imt_sdk_win_64/winavr/bin/../lib/gcc/avr/4.3.3/avr5\libgcc.a(_lt_sf.o)
 .debug_aranges
                0x000000e0       0x20 c:/users/dell/downloads/imt tools/imt tools/sdk/imt_sdk_win_64/imt_sdk_win_64/winavr/bin/../lib/gcc/avr/4.3.3/avr5\libgcc.a(_sf_to_si.o)
 .debug_aranges
                0x00000100       0x20 c:/users/dell/downloads/imt tools/imt tools/sdk/imt_sdk_win_64/imt_sdk_win_64/winavr/bin/../lib/gcc/avr/4.3.3/avr5\libgcc.a(_usi_to_sf.o)
 .debug_aranges
                0x00000120       0x20 c:/users/dell/downloads/imt tools/imt tools/sdk/imt_sdk_win_64/imt_sdk_win_64/winavr/bin/../lib/gcc/avr/4.3.3/avr5\libgcc.a(_clzsi2.o)
 .debug_aranges
                0x00000140       0x20 c:/users/dell/downloads/imt tools/imt tools/sdk/imt_sdk_win_64/imt_sdk_win_64/winavr/bin/../lib/gcc/avr/4.3.3/avr5\libgcc.a(_pack_sf.o)
 .debug_aranges
                0x00000160       0x20 c:/users/dell/downloads/imt tools/imt tools/sdk/imt_sdk_win_64/imt_sdk_win_64/winavr/bin/../lib/gcc/avr/4.3.3/avr5\libgcc.a(_unpack_sf.o)
 .debug_aranges
                0x00000180       0x20 c:/users/dell/downloads/imt tools/imt tools/sdk/imt_sdk_win_64/imt_sdk_win_64/winavr/bin/../lib/gcc/avr/4.3.3/avr5\libgcc.a(_fpcmp_parts_sf.o)

.debug_pubnames
                0x00000000      0x1f2
 *(.debug_pubnames)
 .debug_pubnames
                0x00000000       0x23 c:/users/dell/downloads/imt tools/imt tools/sdk/imt_sdk_win_64/imt_sdk_win_64/winavr/bin/../lib/gcc/avr/4.3.3/avr5\libgcc.a(_fixunssfsi.o)
 .debug_pubnames
                0x00000023       0x2c c:/users/dell/downloads/imt tools/imt tools/sdk/imt_sdk_win_64/imt_sdk_win_64/winavr/bin/../lib/gcc/avr/4.3.3/avr5\libgcc.a(_addsub_sf.o)
 .debug_pubnames
                0x0000004f       0x1f c:/users/dell/downloads/imt tools/imt tools/sdk/imt_sdk_win_64/imt_sdk_win_64/winavr/bin/../lib/gcc/avr/4.3.3/avr5\libgcc.a(_mul_sf.o)
 .debug_pubnames
                0x0000006e       0x1f c:/users/dell/downloads/imt tools/imt tools/sdk/imt_sdk_win_64/imt_sdk_win_64/winavr/bin/../lib/gcc/avr/4.3.3/avr5\libgcc.a(_div_sf.o)
 .debug_pubnames
                0x0000008d       0x1e c:/users/dell/downloads/imt tools/imt tools/sdk/imt_sdk_win_64/imt_sdk_win_64/winavr/bin/../lib/gcc/avr/4.3.3/avr5\libgcc.a(_gt_sf.o)
 .debug_pubnames
                0x000000ab       0x1e c:/users/dell/downloads/imt tools/imt tools/sdk/imt_sdk_win_64/imt_sdk_win_64/winavr/bin/../lib/gcc/avr/4.3.3/avr5\libgcc.a(_ge_sf.o)
 .debug_pubnames
                0x000000c9       0x1e c:/users/dell/downloads/imt tools/imt tools/sdk/imt_sdk_win_64/imt_sdk_win_64/winavr/bin/../lib/gcc/avr/4.3.3/avr5\libgcc.a(_lt_sf.o)
 .debug_pubnames
                0x000000e7       0x20 c:/users/dell/downloads/imt tools/imt tools/sdk/imt_sdk_win_64/imt_sdk_win_64/winavr/bin/../lib/gcc/avr/4.3.3/avr5\libgcc.a(_sf_to_si.o)
 .debug_pubnames
                0x00000107       0x22 c:/users/dell/downloads/imt tools/imt tools/sdk/imt_sdk_win_64/imt_sdk_win_64/winavr/bin/../lib/gcc/avr/4.3.3/avr5\libgcc.a(_thenan_sf.o)
 .debug_pubnames
                0x00000129       0x24 c:/users/dell/downloads/imt tools/imt tools/sdk/imt_sdk_win_64/imt_sdk_win_64/winavr/bin/../lib/gcc/avr/4.3.3/avr5\libgcc.a(_usi_to_sf.o)
 .debug_pubnames
                0x0000014d       0x1f c:/users/dell/downloads/imt tools/imt tools/sdk/imt_sdk_win_64/imt_sdk_win_64/winavr/bin/../lib/gcc/avr/4.3.3/avr5\libgcc.a(_clzsi2.o)
 .debug_pubnames
                0x0000016c       0x1f c:/users/dell/downloads/imt tools/imt tools/sdk/imt_sdk_win_64/imt_sdk_win_64/winavr/bin/../lib/gcc/avr/4.3.3/avr5\libgcc.a(_pack_sf.o)
 .debug_pubnames
                0x0000018b       0x21 c:/users/dell/downloads/imt tools/imt tools/sdk/imt_sdk_win_64/imt_sdk_win_64/winavr/bin/../lib/gcc/avr/4.3.3/avr5\libgcc.a(_unpack_sf.o)
 .debug_pubnames
                0x000001ac       0x26 c:/users/dell/downloads/imt tools/imt tools/sdk/imt_sdk_win_64/imt_sdk_win_64/winavr/bin/../lib/gcc/avr/4.3.3/avr5\libgcc.a(_fpcmp_parts_sf.o)
 .debug_pubnames
                0x000001d2       0x20 c:/users/dell/downloads/imt tools/imt tools/sdk/imt_sdk_win_64/imt_sdk_win_64/winavr/bin/../lib/gcc/avr/4.3.3/avr5\libgcc.a(_clz.o)

.debug_info     0x00000000     0x240b
 *(.debug_info)
 .debug_info    0x00000000       0xb1 c:/users/dell/downloads/imt tools/imt tools/sdk/imt_sdk_win_64/imt_sdk_win_64/winavr/bin/../lib/gcc/avr/4.3.3/avr5\libgcc.a(_fixunssfsi.o)
 .debug_info    0x000000b1      0x47a c:/users/dell/downloads/imt tools/imt tools/sdk/imt_sdk_win_64/imt_sdk_win_64/winavr/bin/../lib/gcc/avr/4.3.3/avr5\libgcc.a(_addsub_sf.o)
 .debug_info    0x0000052b      0x485 c:/users/dell/downloads/imt tools/imt tools/sdk/imt_sdk_win_64/imt_sdk_win_64/winavr/bin/../lib/gcc/avr/4.3.3/avr5\libgcc.a(_mul_sf.o)
 .debug_info    0x000009b0      0x3fc c:/users/dell/downloads/imt tools/imt tools/sdk/imt_sdk_win_64/imt_sdk_win_64/winavr/bin/../lib/gcc/avr/4.3.3/avr5\libgcc.a(_div_sf.o)
 .debug_info    0x00000dac      0x27f c:/users/dell/downloads/imt tools/imt tools/sdk/imt_sdk_win_64/imt_sdk_win_64/winavr/bin/../lib/gcc/avr/4.3.3/avr5\libgcc.a(_gt_sf.o)
 .debug_info    0x0000102b      0x27f c:/users/dell/downloads/imt tools/imt tools/sdk/imt_sdk_win_64/imt_sdk_win_64/winavr/bin/../lib/gcc/avr/4.3.3/avr5\libgcc.a(_ge_sf.o)
 .debug_info    0x000012aa      0x27f c:/users/dell/downloads/imt tools/imt tools/sdk/imt_sdk_win_64/imt_sdk_win_64/winavr/bin/../lib/gcc/avr/4.3.3/avr5\libgcc.a(_lt_sf.o)
 .debug_info    0x00001529      0x2b0 c:/users/dell/downloads/imt tools/imt tools/sdk/imt_sdk_win_64/imt_sdk_win_64/winavr/bin/../lib/gcc/avr/4.3.3/avr5\libgcc.a(_sf_to_si.o)
 .debug_info    0x000017d9      0x12c c:/users/dell/downloads/imt tools/imt tools/sdk/imt_sdk_win_64/imt_sdk_win_64/winavr/bin/../lib/gcc/avr/4.3.3/avr5\libgcc.a(_thenan_sf.o)
 .debug_info    0x00001905      0x206 c:/users/dell/downloads/imt tools/imt tools/sdk/imt_sdk_win_64/imt_sdk_win_64/winavr/bin/../lib/gcc/avr/4.3.3/avr5\libgcc.a(_usi_to_sf.o)
 .debug_info    0x00001b0b      0x117 c:/users/dell/downloads/imt tools/imt tools/sdk/imt_sdk_win_64/imt_sdk_win_64/winavr/bin/../lib/gcc/avr/4.3.3/avr5\libgcc.a(_clzsi2.o)
 .debug_info    0x00001c22      0x2df c:/users/dell/downloads/imt tools/imt tools/sdk/imt_sdk_win_64/imt_sdk_win_64/winavr/bin/../lib/gcc/avr/4.3.3/avr5\libgcc.a(_pack_sf.o)
 .debug_info    0x00001f01      0x251 c:/users/dell/downloads/imt tools/imt tools/sdk/imt_sdk_win_64/imt_sdk_win_64/winavr/bin/../lib/gcc/avr/4.3.3/avr5\libgcc.a(_unpack_sf.o)
 .debug_info    0x00002152      0x210 c:/users/dell/downloads/imt tools/imt tools/sdk/imt_sdk_win_64/imt_sdk_win_64/winavr/bin/../lib/gcc/avr/4.3.3/avr5\libgcc.a(_fpcmp_parts_sf.o)
 .debug_info    0x00002362       0xa9 c:/users/dell/downloads/imt tools/imt tools/sdk/imt_sdk_win_64/imt_sdk_win_64/winavr/bin/../lib/gcc/avr/4.3.3/avr5\libgcc.a(_clz.o)
 *(.gnu.linkonce.wi.*)

.debug_abbrev   0x00000000     0x1386
 *(.debug_abbrev)
 .debug_abbrev  0x00000000       0x5d c:/users/dell/downloads/imt tools/imt tools/sdk/imt_sdk_win_64/imt_sdk_win_64/winavr/bin/../lib/gcc/avr/4.3.3/avr5\libgcc.a(_fixunssfsi.o)
 .debug_abbrev  0x0000005d      0x1ea c:/users/dell/downloads/imt tools/imt tools/sdk/imt_sdk_win_64/imt_sdk_win_64/winavr/bin/../lib/gcc/avr/4.3.3/avr5\libgcc.a(_addsub_sf.o)
 .debug_abbrev  0x00000247      0x21b c:/users/dell/downloads/imt tools/imt tools/sdk/imt_sdk_win_64/imt_sdk_win_64/winavr/bin/../lib/gcc/avr/4.3.3/avr5\libgcc.a(_mul_sf.o)
 .debug_abbrev  0x00000462      0x216 c:/users/dell/downloads/imt tools/imt tools/sdk/imt_sdk_win_64/imt_sdk_win_64/winavr/bin/../lib/gcc/avr/4.3.3/avr5\libgcc.a(_div_sf.o)
 .debug_abbrev  0x00000678      0x15a c:/users/dell/downloads/imt tools/imt tools/sdk/imt_sdk_win_64/imt_sdk_win_64/winavr/bin/../lib/gcc/avr/4.3.3/avr5\libgcc.a(_gt_sf.o)
 .debug_abbrev  0x000007d2      0x15a c:/users/dell/downloads/imt tools/imt tools/sdk/imt_sdk_win_64/imt_sdk_win_64/winavr/bin/../lib/gcc/avr/4.3.3/avr5\libgcc.a(_ge_sf.o)
 .debug_abbrev  0x0000092c      0x15a c:/users/dell/downloads/imt tools/imt tools/sdk/imt_sdk_win_64/imt_sdk_win_64/winavr/bin/../lib/gcc/avr/4.3.3/avr5\libgcc.a(_lt_sf.o)
 .debug_abbrev  0x00000a86      0x17f c:/users/dell/downloads/imt tools/imt tools/sdk/imt_sdk_win_64/imt_sdk_win_64/winavr/bin/../lib/gcc/avr/4.3.3/avr5\libgcc.a(_sf_to_si.o)
 .debug_abbrev  0x00000c05       0xad c:/users/dell/downloads/imt tools/imt tools/sdk/imt_sdk_win_64/imt_sdk_win_64/winavr/bin/../lib/gcc/avr/4.3.3/avr5\libgcc.a(_thenan_sf.o)
 .debug_abbrev  0x00000cb2      0x157 c:/users/dell/downloads/imt tools/imt tools/sdk/imt_sdk_win_64/imt_sdk_win_64/winavr/bin/../lib/gcc/avr/4.3.3/avr5\libgcc.a(_usi_to_sf.o)
 .debug_abbrev  0x00000e09       0xc4 c:/users/dell/downloads/imt tools/imt tools/sdk/imt_sdk_win_64/imt_sdk_win_64/winavr/bin/../lib/gcc/avr/4.3.3/avr5\libgcc.a(_clzsi2.o)
 .debug_abbrev  0x00000ecd      0x1c0 c:/users/dell/downloads/imt tools/imt tools/sdk/imt_sdk_win_64/imt_sdk_win_64/winavr/bin/../lib/gcc/avr/4.3.3/avr5\libgcc.a(_pack_sf.o)
 .debug_abbrev  0x0000108d      0x154 c:/users/dell/downloads/imt tools/imt tools/sdk/imt_sdk_win_64/imt_sdk_win_64/winavr/bin/../lib/gcc/avr/4.3.3/avr5\libgcc.a(_unpack_sf.o)
 .debug_abbrev  0x000011e1      0x13b c:/users/dell/downloads/imt tools/imt tools/sdk/imt_sdk_win_64/imt_sdk_win_64/winavr/bin/../lib/gcc/avr/4.3.3/avr5\libgcc.a(_fpcmp_parts_sf.o)
 .debug_abbrev  0x0000131c       0x6a c:/users/dell/downloads/imt tools/imt tools/sdk/imt_sdk_win_64/imt_sdk_win_64/winavr/bin/../lib/gcc/avr/4.3.3/avr5\libgcc.a(_clz.o)

.debug_line     0x00000000     0x11d6
 *(.debug_line)
 .debug_line    0x00000000       0xa7 c:/users/dell/downloads/imt tools/imt tools/sdk/imt_sdk_win_64/imt_sdk_win_64/winavr/bin/../lib/gcc/avr/4.3.3/avr5\libgcc.a(_fixunssfsi.o)
 .debug_line    0x000000a7      0x2af c:/users/dell/downloads/imt tools/imt tools/sdk/imt_sdk_win_64/imt_sdk_win_64/winavr/bin/../lib/gcc/avr/4.3.3/avr5\libgcc.a(_addsub_sf.o)
 .debug_line    0x00000356      0x239 c:/users/dell/downloads/imt tools/imt tools/sdk/imt_sdk_win_64/imt_sdk_win_64/winavr/bin/../lib/gcc/avr/4.3.3/avr5\libgcc.a(_mul_sf.o)
 .debug_line    0x0000058f      0x1d5 c:/users/dell/downloads/imt tools/imt tools/sdk/imt_sdk_win_64/imt_sdk_win_64/winavr/bin/../lib/gcc/avr/4.3.3/avr5\libgcc.a(_div_sf.o)
 .debug_line    0x00000764       0xd3 c:/users/dell/downloads/imt tools/imt tools/sdk/imt_sdk_win_64/imt_sdk_win_64/winavr/bin/../lib/gcc/avr/4.3.3/avr5\libgcc.a(_gt_sf.o)
 .debug_line    0x00000837       0xd3 c:/users/dell/downloads/imt tools/imt tools/sdk/imt_sdk_win_64/imt_sdk_win_64/winavr/bin/../lib/gcc/avr/4.3.3/avr5\libgcc.a(_ge_sf.o)
 .debug_line    0x0000090a       0xd3 c:/users/dell/downloads/imt tools/imt tools/sdk/imt_sdk_win_64/imt_sdk_win_64/winavr/bin/../lib/gcc/avr/4.3.3/avr5\libgcc.a(_lt_sf.o)
 .debug_line    0x000009dd      0x109 c:/users/dell/downloads/imt tools/imt tools/sdk/imt_sdk_win_64/imt_sdk_win_64/winavr/bin/../lib/gcc/avr/4.3.3/avr5\libgcc.a(_sf_to_si.o)
 .debug_line    0x00000ae6       0x90 c:/users/dell/downloads/imt tools/imt tools/sdk/imt_sdk_win_64/imt_sdk_win_64/winavr/bin/../lib/gcc/avr/4.3.3/avr5\libgcc.a(_thenan_sf.o)
 .debug_line    0x00000b76      0x133 c:/users/dell/downloads/imt tools/imt tools/sdk/imt_sdk_win_64/imt_sdk_win_64/winavr/bin/../lib/gcc/avr/4.3.3/avr5\libgcc.a(_usi_to_sf.o)
 .debug_line    0x00000ca9       0xa5 c:/users/dell/downloads/imt tools/imt tools/sdk/imt_sdk_win_64/imt_sdk_win_64/winavr/bin/../lib/gcc/avr/4.3.3/avr5\libgcc.a(_clzsi2.o)
 .debug_line    0x00000d4e      0x18a c:/users/dell/downloads/imt tools/imt tools/sdk/imt_sdk_win_64/imt_sdk_win_64/winavr/bin/../lib/gcc/avr/4.3.3/avr5\libgcc.a(_pack_sf.o)
 .debug_line    0x00000ed8      0x14b c:/users/dell/downloads/imt tools/imt tools/sdk/imt_sdk_win_64/imt_sdk_win_64/winavr/bin/../lib/gcc/avr/4.3.3/avr5\libgcc.a(_unpack_sf.o)
 .debug_line    0x00001023      0x137 c:/users/dell/downloads/imt tools/imt tools/sdk/imt_sdk_win_64/imt_sdk_win_64/winavr/bin/../lib/gcc/avr/4.3.3/avr5\libgcc.a(_fpcmp_parts_sf.o)
 .debug_line    0x0000115a       0x7c c:/users/dell/downloads/imt tools/imt tools/sdk/imt_sdk_win_64/imt_sdk_win_64/winavr/bin/../lib/gcc/avr/4.3.3/avr5\libgcc.a(_clz.o)

.debug_frame    0x00000000      0x1c0
 *(.debug_frame)
 .debug_frame   0x00000000       0x20 c:/users/dell/downloads/imt tools/imt tools/sdk/imt_sdk_win_64/imt_sdk_win_64/winavr/bin/../lib/gcc/avr/4.3.3/avr5\libgcc.a(_fixunssfsi.o)
 .debug_frame   0x00000020       0x40 c:/users/dell/downloads/imt tools/imt tools/sdk/imt_sdk_win_64/imt_sdk_win_64/winavr/bin/../lib/gcc/avr/4.3.3/avr5\libgcc.a(_addsub_sf.o)
 .debug_frame   0x00000060       0x20 c:/users/dell/downloads/imt tools/imt tools/sdk/imt_sdk_win_64/imt_sdk_win_64/winavr/bin/../lib/gcc/avr/4.3.3/avr5\libgcc.a(_mul_sf.o)
 .debug_frame   0x00000080       0x20 c:/users/dell/downloads/imt tools/imt tools/sdk/imt_sdk_win_64/imt_sdk_win_64/winavr/bin/../lib/gcc/avr/4.3.3/avr5\libgcc.a(_div_sf.o)
 .debug_frame   0x000000a0       0x20 c:/users/dell/downloads/imt tools/imt tools/sdk/imt_sdk_win_64/imt_sdk_win_64/winavr/bin/../lib/gcc/avr/4.3.3/avr5\libgcc.a(_gt_sf.o)
 .debug_frame   0x000000c0       0x20 c:/users/dell/downloads/imt tools/imt tools/sdk/imt_sdk_win_64/imt_sdk_win_64/winavr/bin/../lib/gcc/avr/4.3.3/avr5\libgcc.a(_ge_sf.o)
 .debug_frame   0x000000e0       0x20 c:/users/dell/downloads/imt tools/imt tools/sdk/imt_sdk_win_64/imt_sdk_win_64/winavr/bin/../lib/gcc/avr/4.3.3/avr5\libgcc.a(_lt_sf.o)
 .debug_frame   0x00000100       0x20 c:/users/dell/downloads/imt tools/imt tools/sdk/imt_sdk_win_64/imt_sdk_win_64/winavr/bin/../lib/gcc/avr/4.3.3/avr5\libgcc.a(_sf_to_si.o)
 .debug_frame   0x00000120       0x20 c:/users/dell/downloads/imt tools/imt tools/sdk/imt_sdk_win_64/imt_sdk_win_64/winavr/bin/../lib/gcc/avr/4.3.3/avr5\libgcc.a(_usi_to_sf.o)
 .debug_frame   0x00000140       0x20 c:/users/dell/downloads/imt tools/imt tools/sdk/imt_sdk_win_64/imt_sdk_win_64/winavr/bin/../lib/gcc/avr/4.3.3/avr5\libgcc.a(_clzsi2.o)
 .debug_frame   0x00000160       0x20 c:/users/dell/downloads/imt tools/imt tools/sdk/imt_sdk_win_64/imt_sdk_win_64/winavr/bin/../lib/gcc/avr/4.3.3/avr5\libgcc.a(_pack_sf.o)
 .debug_frame   0x00000180       0x20 c:/users/dell/downloads/imt tools/imt tools/sdk/imt_sdk_win_64/imt_sdk_win_64/winavr/bin/../lib/gcc/avr/4.3.3/avr5\libgcc.a(_unpack_sf.o)
 .debug_frame   0x000001a0       0x20 c:/users/dell/downloads/imt tools/imt tools/sdk/imt_sdk_win_64/imt_sdk_win_64/winavr/bin/../lib/gcc/avr/4.3.3/avr5\libgcc.a(_fpcmp_parts_sf.o)

.debug_str      0x00000000      0x2f6
 *(.debug_str)
 .debug_str     0x00000000       0xbf c:/users/dell/downloads/imt tools/imt tools/sdk/imt_sdk_win_64/imt_sdk_win_64/winavr/bin/../lib/gcc/avr/4.3.3/avr5\libgcc.a(_fixunssfsi.o)
                                 0xfe (size before relaxing)
 .debug_str     0x000000bf      0x14d c:/users/dell/downloads/imt tools/imt tools/sdk/imt_sdk_win_64/imt_sdk_win_64/winavr/bin/../lib/gcc/avr/4.3.3/avr5\libgcc.a(_addsub_sf.o)
                                0x206 (size before relaxing)
 .debug_str     0x0000020c       0x27 c:/users/dell/downloads/imt tools/imt tools/sdk/imt_sdk_win_64/imt_sdk_win_64/winavr/bin/../lib/gcc/avr/4.3.3/avr5\libgcc.a(_mul_sf.o)
                                0x1bf (size before relaxing)
 .debug_str     0x00000233       0x35 c:/users/dell/downloads/imt tools/imt tools/sdk/imt_sdk_win_64/imt_sdk_win_64/winavr/bin/../lib/gcc/avr/4.3.3/avr5\libgcc.a(_div_sf.o)
                                0x1c8 (size before relaxing)
 .debug_str     0x00000268        0x8 c:/users/dell/downloads/imt tools/imt tools/sdk/imt_sdk_win_64/imt_sdk_win_64/winavr/bin/../lib/gcc/avr/4.3.3/avr5\libgcc.a(_gt_sf.o)
                                0x195 (size before relaxing)
 .debug_str     0x00000270        0x8 c:/users/dell/downloads/imt tools/imt tools/sdk/imt_sdk_win_64/imt_sdk_win_64/winavr/bin/../lib/gcc/avr/4.3.3/avr5\libgcc.a(_ge_sf.o)
                                0x195 (size before relaxing)
 .debug_str     0x00000278        0x8 c:/users/dell/downloads/imt tools/imt tools/sdk/imt_sdk_win_64/imt_sdk_win_64/winavr/bin/../lib/gcc/avr/4.3.3/avr5\libgcc.a(_lt_sf.o)
                                0x195 (size before relaxing)
 .debug_str     0x00000280        0xa c:/users/dell/downloads/imt tools/imt tools/sdk/imt_sdk_win_64/imt_sdk_win_64/winavr/bin/../lib/gcc/avr/4.3.3/avr5\libgcc.a(_sf_to_si.o)
                                0x19e (size before relaxing)
 .debug_str     0x00000000      0x103 c:/users/dell/downloads/imt tools/imt tools/sdk/imt_sdk_win_64/imt_sdk_win_64/winavr/bin/../lib/gcc/avr/4.3.3/avr5\libgcc.a(_thenan_sf.o)
 .debug_str     0x0000028a       0x21 c:/users/dell/downloads/imt tools/imt tools/sdk/imt_sdk_win_64/imt_sdk_win_64/winavr/bin/../lib/gcc/avr/4.3.3/avr5\libgcc.a(_usi_to_sf.o)
                                0x177 (size before relaxing)
 .debug_str     0x000002ab       0x20 c:/users/dell/downloads/imt tools/imt tools/sdk/imt_sdk_win_64/imt_sdk_win_64/winavr/bin/../lib/gcc/avr/4.3.3/avr5\libgcc.a(_clzsi2.o)
                                0x111 (size before relaxing)
 .debug_str     0x000002cb       0x10 c:/users/dell/downloads/imt tools/imt tools/sdk/imt_sdk_win_64/imt_sdk_win_64/winavr/bin/../lib/gcc/avr/4.3.3/avr5\libgcc.a(_pack_sf.o)
                                0x19d (size before relaxing)
 .debug_str     0x000002db        0xb c:/users/dell/downloads/imt tools/imt tools/sdk/imt_sdk_win_64/imt_sdk_win_64/winavr/bin/../lib/gcc/avr/4.3.3/avr5\libgcc.a(_unpack_sf.o)
                                0x17f (size before relaxing)
 .debug_str     0x000002e6       0x10 c:/users/dell/downloads/imt tools/imt tools/sdk/imt_sdk_win_64/imt_sdk_win_64/winavr/bin/../lib/gcc/avr/4.3.3/avr5\libgcc.a(_fpcmp_parts_sf.o)
                                0x163 (size before relaxing)
 .debug_str     0x00000000       0xf4 c:/users/dell/downloads/imt tools/imt tools/sdk/imt_sdk_win_64/imt_sdk_win_64/winavr/bin/../lib/gcc/avr/4.3.3/avr5\libgcc.a(_clz.o)

.debug_loc      0x00000000      0x96e
 *(.debug_loc)
 .debug_loc     0x00000000       0x34 c:/users/dell/downloads/imt tools/imt tools/sdk/imt_sdk_win_64/imt_sdk_win_64/winavr/bin/../lib/gcc/avr/4.3.3/avr5\libgcc.a(_fixunssfsi.o)
 .debug_loc     0x00000034      0x32a c:/users/dell/downloads/imt tools/imt tools/sdk/imt_sdk_win_64/imt_sdk_win_64/winavr/bin/../lib/gcc/avr/4.3.3/avr5\libgcc.a(_addsub_sf.o)
 .debug_loc     0x0000035e      0x104 c:/users/dell/downloads/imt tools/imt tools/sdk/imt_sdk_win_64/imt_sdk_win_64/winavr/bin/../lib/gcc/avr/4.3.3/avr5\libgcc.a(_mul_sf.o)
 .debug_loc     0x00000462       0xc0 c:/users/dell/downloads/imt tools/imt tools/sdk/imt_sdk_win_64/imt_sdk_win_64/winavr/bin/../lib/gcc/avr/4.3.3/avr5\libgcc.a(_div_sf.o)
 .debug_loc     0x00000522       0x3c c:/users/dell/downloads/imt tools/imt tools/sdk/imt_sdk_win_64/imt_sdk_win_64/winavr/bin/../lib/gcc/avr/4.3.3/avr5\libgcc.a(_gt_sf.o)
 .debug_loc     0x0000055e       0x3c c:/users/dell/downloads/imt tools/imt tools/sdk/imt_sdk_win_64/imt_sdk_win_64/winavr/bin/../lib/gcc/avr/4.3.3/avr5\libgcc.a(_ge_sf.o)
 .debug_loc     0x0000059a       0x3c c:/users/dell/downloads/imt tools/imt tools/sdk/imt_sdk_win_64/imt_sdk_win_64/winavr/bin/../lib/gcc/avr/4.3.3/avr5\libgcc.a(_lt_sf.o)
 .debug_loc     0x000005d6       0x7e c:/users/dell/downloads/imt tools/imt tools/sdk/imt_sdk_win_64/imt_sdk_win_64/winavr/bin/../lib/gcc/avr/4.3.3/avr5\libgcc.a(_sf_to_si.o)
 .debug_loc     0x00000654       0x4c c:/users/dell/downloads/imt tools/imt tools/sdk/imt_sdk_win_64/imt_sdk_win_64/winavr/bin/../lib/gcc/avr/4.3.3/avr5\libgcc.a(_usi_to_sf.o)
 .debug_loc     0x000006a0       0x94 c:/users/dell/downloads/imt tools/imt tools/sdk/imt_sdk_win_64/imt_sdk_win_64/winavr/bin/../lib/gcc/avr/4.3.3/avr5\libgcc.a(_clzsi2.o)
 .debug_loc     0x00000734      0x13e c:/users/dell/downloads/imt tools/imt tools/sdk/imt_sdk_win_64/imt_sdk_win_64/winavr/bin/../lib/gcc/avr/4.3.3/avr5\libgcc.a(_pack_sf.o)
 .debug_loc     0x00000872       0xac c:/users/dell/downloads/imt tools/imt tools/sdk/imt_sdk_win_64/imt_sdk_win_64/winavr/bin/../lib/gcc/avr/4.3.3/avr5\libgcc.a(_unpack_sf.o)
 .debug_loc     0x0000091e       0x50 c:/users/dell/downloads/imt tools/imt tools/sdk/imt_sdk_win_64/imt_sdk_win_64/winavr/bin/../lib/gcc/avr/4.3.3/avr5\libgcc.a(_fpcmp_parts_sf.o)

.debug_macinfo
 *(.debug_macinfo)
OUTPUT(PROJECT.elf elf32-avr)
LOAD linker stubs

.debug_ranges   0x00000000       0x50
 .debug_ranges  0x00000000       0x50 c:/users/dell/downloads/imt tools/imt tools/sdk/imt_sdk_win_64/imt_sdk_win_64/winavr/bin/../lib/gcc/avr/4.3.3/avr5\libgcc.a(_mul_sf.o)
